# nginx — incluir dentro del bloque server
rewrite ^//?$ / permanent;
rewrite ^/about-us/?$ /contact.html permanent;
rewrite ^/contactus/?$ /contact.html permanent;
rewrite ^/catalogo/?$ /properties.html permanent;
rewrite ^/galeria/?$ /properties.html permanent;
rewrite ^/encuentra-tu-casa/?$ /buy.html permanent;
rewrite ^/vendemos-tu-casa/?$ /sell.html permanent;
rewrite ^/servicios-inmobiliarios/?$ /sell.html permanent;
rewrite ^/valoracion-gratis-tenerife/?$ /valuation.html permanent;
rewrite ^/cuanto-vale-tu-piso-ahora-mismo/?$ /valuation.html permanent;
rewrite ^/formulario-captacion/?$ /valuation.html permanent;
rewrite ^/market-impact/?$ /market-impact.html permanent;
rewrite ^/financiacion/?$ /financiacion/ permanent;
rewrite ^/referidos/?$ /r/financiacion/ permanent;
rewrite ^/privacy/?$ /privacy.html permanent;
rewrite ^/terms/?$ /privacy.html permanent;
rewrite ^/blog/?$ /insights.html permanent;
rewrite ^/blog/4/?$ /insights.html permanent;
rewrite ^/blog/4/estudio-anual-del-mercado-inmobiliario-1/?$ /post-estudio-anual-del-mercado-inmobiliario-1.html permanent;
rewrite ^/blog/4/cuanto-vale-realmente-mi-villa-en-tenerife-la-clave-esta-en-la-precision-no-en-la-prisa-2/?$ /post-cuanto-vale-realmente-mi-villa-en-tenerife-la-clave-esta-en-la-precision-no-en-la-prisa-2.html permanent;
rewrite ^/blog/4/invertir-en-tenerife-por-que-la-seguridad-juridica-es-mas-importante-que-la-rentabilidad-3/?$ /post-invertir-en-tenerife-por-que-la-seguridad-juridica-es-mas-importante-que-la-rentabilidad-3.html permanent;
rewrite ^/blog/4/de-adeje-al-norte-las-zonas-de-tenerife-que-marcaran-la-revalorizacion-en-2026-4/?$ /post-de-adeje-al-norte-las-zonas-de-tenerife-que-marcaran-la-revalorizacion-en-2026-4.html permanent;
rewrite ^/blog/4/como-vender-una-casa-5/?$ /post-como-vender-una-casa-5.html permanent;
rewrite ^/blog/4/como-vender-una-casa-fase-2-6/?$ /post-como-vender-una-casa-fase-2-6.html permanent;
rewrite ^/blog/4/el-precio-de-la-vivienda-en-espana-se-ha-incrementado-un-45-en-los-ultimos-diez-anos-7/?$ /post-el-precio-de-la-vivienda-en-espana-se-ha-incrementado-un-45-en-los-ultimos-diez-anos-7.html permanent;
rewrite ^/blog/4/por-que-tu-casa-no-se-vende-en-tenerife-8/?$ /post-por-que-tu-casa-no-se-vende-en-tenerife-8.html permanent;
rewrite ^/vender-casa-adeje/?$ /vender-casa-adeje.html permanent;
rewrite ^/vender-casa-arona/?$ /vender-casa-arona.html permanent;
rewrite ^/vender-casa-granadilla-de-abona/?$ /vender-casa-granadilla-de-abona.html permanent;
rewrite ^/vender-casa-guia-de-isora/?$ /vender-casa-guia-de-isora.html permanent;
rewrite ^/vender-casa-san-miguel-de-abona/?$ /vender-casa-san-miguel-de-abona.html permanent;
rewrite ^/vender-casa-santiago-del-teide/?$ /vender-casa-santiago-del-teide.html permanent;

# se van y no vuelven
location = /acm { return 410; }
location = /intro/odoo/action-website-website-preview { return 410; }
location = /landing-pages { return 410; }
location = /landin-pages-2 { return 410; }
location = /planes-de-precios { return 410; }
location = /pricing { return 410; }
location = /shop { return 410; }
location = /website/info { return 410; }
location = /events { return 410; }
location = /forum { return 410; }
location = /forum/ayuda-1 { return 410; }
location = /forum/ayuda-1/faq { return 410; }
location = /profile/users { return 410; }
location = /profile/ranks_badges { return 410; }
location = /blog/1 { return 410; }
location = /blog/2 { return 410; }
location = /blog/3 { return 410; }
location = /blog/1/feed { return 410; }
location = /blog/2/feed { return 410; }
location = /blog/3/feed { return 410; }
location = /blog/4/feed { return 410; }
